+       ++
+         
+   +  ++ 
+   +     
+   + +   
      +   
+ +   +   
+ + +   ++
+ + +     
+ + +   ++
          
          
          
          
          
          
          
          
          
          
          
PARTS REMAINING:: A : 30 B : 0
