          
          
          
          
          
          
+         
+         
+         
+         
          
          
          
          
          
          
+         
+         
+         
          
          
PARTS REMAINING:: A : 4 B : 3
INVALID OPERATION "SHOOT 17 0": NOT ALL SHIPS PLACED
