INVALID OPERATION "[playerB] ": THE OTHER PLAYER EXPECTED
