x       xx
x         
x   x  xx 
x   x     
x   x x   
      +   
+ +   +   
+ + +   ++
+ + +     
+ + +   ++
          
      + xx
x x x x   
x x x x   
x + + +   
      + ++
+ +       
+ +     ++
+ +       
+ +       
     ++   
PARTS REMAINING:: A : 17 B : 19
x       xx
x         
x   x  xx 
x   x     
x   x x   
      x   
x x   x   
x x +   ++
+ + +     
+ + +   ++
          
      + xx
x x x x   
x x x x   
x x x x   
      x xx
+ +       
+ +     ++
+ +       
+ +       
     ++   
PARTS REMAINING:: A : 11 B : 13
x       xx
x         
x   x  xx 
x   x     
x   x x   
      x   
x x   x   
x x x   xx
x x x     
+ + +   ++
          
      + xx
x x x x   
x x x x   
x x x x   
      x xx
x x       
x x     xx
+ +       
+ +       
     ++   
PARTS REMAINING:: A : 5 B : 7
x       xx
x         
x   x  xx 
x   x     
x   x x   
      x   
x x   x   
x x x   xx
x x x     
x x x   x+
          
      + xx
x x x x   
x x x x   
x x x x   
      x xx
x x       
x x     xx
x x       
x x       
     x+   
PARTS REMAINING:: A : 1 B : 2
B won
