+     +xx+
+         
+         
x         
+         
          
          
          
x         
+      +++
          
          
          
          
+xx+      
          
          
          
          
          
          
PARTS REMAINING:: A : 10 B : 2
