INVALID OPERATION "PLACE_SHIP 9 7 W 0 DES": PLACING SHIP TOO CLOSE TO OTHER SHIP
