INVALID OPERATION "PLACE_SHIP 0 0 N 0 CAR": PLACING SHIP ON REEF
