INVALID OPERATION "PLACE_SHIP 0 1 W 0 BAT": PLACING SHIP TOO CLOSE TO OTHER SHIP
