INVALID OPERATION "SHIP A 0 1 W 0 BAT 1111": PLACING SHIP TOO CLOSE TO OTHER SHIP
