+               
+               
+ ++++          
+               
+               
                
                
       ++       
                
         +      
         +      
         +      
                
                
                
                
PARTS REMAINING:: A : 9 B : 5
