INVALID OPERATION "PLACE_SHIP 9 6 N 0 CAR": NOT IN STARTING POSITION
