          
+         
+    ++++ 
+         
+         
+         
          
          
          
          
          
       +  
       +  
   ++  +  
          
          
          
          
          
          
          
PARTS REMAINING:: A : 9 B : 5
+         
+         
+     ++++
+         
+         
          
          
          
       +  
       +  
       +  
          
          
 ++       
          
          
          
          
          
          
          
PARTS REMAINING:: A : 9 B : 5
