          
          
          
          
    +     
    +     
    +     
    +     
          
          
          
          
     +    
     +    
     +    
          
          
          
          
          
          
PARTS REMAINING:: A : 4 B : 3
          
          
          
 ++++     
          
          
          
          
          
          
          
     +++  
          
          
          
          
          
          
          
          
          
PARTS REMAINING:: A : 4 B : 3
          
          
          
+         
+         
+         
+         
          
          
          
          
        + 
        + 
        + 
          
          
          
          
          
          
          
PARTS REMAINING:: A : 4 B : 3
          
          
          
          
          
          
          
++++      
          
          
          
          
          
          
      +++ 
          
          
          
          
          
          
PARTS REMAINING:: A : 4 B : 3
          
          
          
          
    +     
    +     
    +     
    +     
          
          
          
          
     +    
     +    
     +    
          
          
          
          
          
          
PARTS REMAINING:: A : 4 B : 3
