INVALID OPERATION "MOVE 0 CAR L": PLACING SHIP TOO CLOSE TO OTHER SHIP
