INVALID OPERATION "MOVE 0 DES F": SHIP WENT FROM BOARD
