INVALID OPERATION "MOVE 0 DES R": SHIP MOVED ALREADY
