          
          
          
          
          
          
          
          
          
    ++++  
          
     +++  
          
          
          
          
          
          
          
          
          
PARTS REMAINING:: A : 4 B : 3
          
          
          
          
          
          
          
          
          
    ++++  
          
     x+x  
          
          
          
          
          
          
          
          
          
PARTS REMAINING:: A : 4 B : 1
          
          
          
          
          
          
          
          
          
    xxx+  
          
     x+x  
          
          
          
          
          
          
          
          
          
PARTS REMAINING:: A : 1 B : 1
B won
