INVALID OPERATION "SHOOT 0 BAT 14 5": SHOOTING TOO FAR
