INVALID OPERATION "SHOOT 0 CRU 9 4": SHIP CANNOT SHOOT
