INVALID OPERATION "SHOOT 0 BAT 10 7": TOO MANY SHOOTS
