          
          
          
          
          
         +
         +
         +
         +
++  ++++ +
          
 ++++  +++
          
          
          
          
          
          
          
          
          
PARTS REMAINING:: A : 11 B : 7
????????? 
??????    
?????     
?????     
?????     
????     +
??       +
         +
         +
++  ++++ +
        ? 
 ++++  +??
??     ???
???? ?????
??????????
??????????
??????????
??????????
??????????
??????????
??????????
??????????
??????????
??????????
??????????
??????????
??????????
??????????
???? ?????
??      ??
?+  ++++ +
?         
 ++++  +++
?         
?         
??      ??
???? ?????
??????????
??????????
??????????
??????????
??????????
