INVALID OPERATION "PLACE_SHIP 14 6 N 0 CAR": NOT IN STARTING POSITION
