  0123456789
00          
01          
02          
03          
04          
05         @
06         !
07         +
08         +
09@%  @!+% %
10          
11 %+!@  @!%
12          
13          
14          
15          
16          
17          
18          
19          
20          
PARTS REMAINING:: A : 11 B : 7
  0123456789
00          
01          
02          
03          
04          
05         @
06         !
07         +
08         +
09@%  @x+% %
10          
11 %+!@  x!%
12          
13          
14          
15          
16          
17          
18          
19          
20          
PARTS REMAINING:: A : 10 B : 6
