[state]
BOARD_SIZE 21 10
NEXT_PLAYER A
INIT_POSITION A 0 0 9 9
SET_FLEET A 1 1 0 1
SHIP A 5 9 N 0 CAR 11111
SHIP A 9 4 W 0 BAT 1011
SHIP A 9 0 W 0 DES 11
INIT_POSITION B 11 0 20 9
SET_FLEET B 0 1 1 0
SHIP B 11 4 E 0 BAT 1111
SHIP B 11 7 W 0 CRU 011
[state]
