INVALID OPERATION "PLACE_SHIP 123 321 N 0 CAR": NOT IN STARTING POSITION
