INVALID OPERATION "PLACE_SHIP 0 3 N 0 CAR": SHIP ALREADY PRESENT
