INVALID OPERATION "PLACE_SHIP 0 3 N 1 CAR": ALL SHIPS OF THE CLASS ALREADY SET
