          
          
          
          
          
          
+         
+         
+         
+         
          
          
          
          
          
          
+ +       
+ +       
+         
          
          
PARTS REMAINING:: A : 4 B : 5
