          
          
          
          
          
          
+         
+         
+         
+         
          
          
          
          
          
          
+ +       
+ +       
+         
          
          
PARTS REMAINING:: A : 4 B : 5
          
          
          
          
          
          
+         
x         
+         
+         
          
          
          
          
          
          
+ +       
x +       
+         
          
          
PARTS REMAINING:: A : 3 B : 4
