          
          
          
          
          
          
+         
+         
+         
+         
          
          
          
          
          
          
+ +       
+ +       
+         
          
          
PARTS REMAINING:: A : 4 B : 5
INVALID OPERATION "SHOOT 123 321": FIELD DOES NOT EXIST
